// Jest Snapshot v1, https://goo.gl/fbAQLP

exports[`<Index /> matches snapshot 1`] = `
<Calculator>
  <div
    className="calculator"
  >
    <Display
      display="0"
    >
      <div
        className="display"
      >
        <div
          className="display-branding"
        />
        <label>
          0
        </label>
      </div>
    </Display>
    <ButtonList
      handleEvent={[Function]}
    >
      <div
        className="button-list"
      >
        <div
          className="button-list__row"
        >
          <Button
            additionalClassName="button-size-75"
            handleEvent={[Function]}
            value="AC"
          >
            <button
              className="button button-size-75"
              onClick={[Function]}
            >
              AC
            </button>
          </Button>
          <Button
            additionalClassName="button--orange"
            handleEvent={[Function]}
            value="*"
          >
            <button
              className="button button--orange"
              onClick={[Function]}
            >
              *
            </button>
          </Button>
        </div>
        <div
          className="button-list__row"
        >
          <Button
            handleEvent={[Function]}
            value="7"
          >
            <button
              className="button"
              onClick={[Function]}
            >
              7
            </button>
          </Button>
          <Button
            handleEvent={[Function]}
            value="8"
          >
            <button
              className="button"
              onClick={[Function]}
            >
              8
            </button>
          </Button>
          <Button
            handleEvent={[Function]}
            value="9"
          >
            <button
              className="button"
              onClick={[Function]}
            >
              9
            </button>
          </Button>
          <Button
            additionalClassName="button--orange"
            handleEvent={[Function]}
            value="-"
          >
            <button
              className="button button--orange"
              onClick={[Function]}
            >
              -
            </button>
          </Button>
        </div>
        <div
          className="button-list__row"
        >
          <Button
            handleEvent={[Function]}
            value="4"
          >
            <button
              className="button"
              onClick={[Function]}
            >
              4
            </button>
          </Button>
          <Button
            handleEvent={[Function]}
            value="5"
          >
            <button
              className="button"
              onClick={[Function]}
            >
              5
            </button>
          </Button>
          <Button
            handleEvent={[Function]}
            value="6"
          >
            <button
              className="button"
              onClick={[Function]}
            >
              6
            </button>
          </Button>
          <Button
            additionalClassName="button--orange"
            handleEvent={[Function]}
            value="+"
          >
            <button
              className="button button--orange"
              onClick={[Function]}
            >
              +
            </button>
          </Button>
        </div>
        <div
          className="button-list__row"
        >
          <Button
            handleEvent={[Function]}
            value="1"
          >
            <button
              className="button"
              onClick={[Function]}
            >
              1
            </button>
          </Button>
          <Button
            handleEvent={[Function]}
            value="2"
          >
            <button
              className="button"
              onClick={[Function]}
            >
              2
            </button>
          </Button>
          <Button
            handleEvent={[Function]}
            value="3"
          >
            <button
              className="button"
              onClick={[Function]}
            >
              3
            </button>
          </Button>
          <Button
            additionalClassName="button--orange"
            handleEvent={[Function]}
            value="/"
          >
            <button
              className="button button--orange"
              onClick={[Function]}
            >
              /
            </button>
          </Button>
        </div>
        <div
          className="button-list__row"
        >
          <Button
            additionalClassName="button-size-50"
            handleEvent={[Function]}
            value="0"
          >
            <button
              className="button button-size-50"
              onClick={[Function]}
            >
              0
            </button>
          </Button>
          <Button
            handleEvent={[Function]}
            value="."
          >
            <button
              className="button"
              onClick={[Function]}
            >
              .
            </button>
          </Button>
          <Button
            additionalClassName="button--orange"
            handleEvent={[Function]}
            value="="
          >
            <button
              className="button button--orange"
              onClick={[Function]}
            >
              =
            </button>
          </Button>
        </div>
      </div>
    </ButtonList>
  </div>
</Calculator>
`;
