// Jest Snapshot v1, https://goo.gl/fbAQLP

exports[`<Display /> matches snapshot 1`] = `
<div
  className="display"
>
  <div
    className="display-branding"
  />
  <label>
    10
  </label>
</div>
`;
