// Jest Snapshot v1, https://goo.gl/fbAQLP

exports[`<Logo /> matches snapshot 1`] = `
<img
  alt=""
  className="logo"
  src="test"
/>
`;
